com\cyberaware\dto\response\UserResponse$UserResponseBuilder.class
com\cyberaware\service\UserService.class
com\cyberaware\repository\UserRepository.class
com\cyberaware\entity\Admin.class
com\cyberaware\entity\FraudReport$FraudReportBuilder.class
com\cyberaware\controller\AuthController.class
com\cyberaware\entity\FraudReport$ReportStatus.class
com\cyberaware\security\JwtAuthenticationFilter.class
com\cyberaware\security\CustomUserDetailsService.class
com\cyberaware\dto\request\RegisterRequest.class
com\cyberaware\entity\User.class
com\cyberaware\dto\request\UpdateReportStatusRequest.class
com\cyberaware\exception\ResourceNotFoundException.class
com\cyberaware\dto\response\DashboardStatsResponse.class
com\cyberaware\repository\FraudReportRepository.class
com\cyberaware\service\ReportService.class
com\cyberaware\controller\ReportController.class
com\cyberaware\dto\response\AuthResponse.class
com\cyberaware\entity\FraudReport.class
com\cyberaware\entity\User$UserBuilder.class
com\cyberaware\exception\EmailAlreadyExistsException.class
com\cyberaware\dto\response\AuthResponse$AuthResponseBuilder.class
com\cyberaware\repository\AdminRepository.class
com\cyberaware\entity\Admin$AdminBuilder.class
com\cyberaware\service\AdminService.class
com\cyberaware\config\SecurityConfig.class
com\cyberaware\controller\AdminController.class
com\cyberaware\dto\request\LoginRequest.class
com\cyberaware\dto\response\FraudReportResponse.class
com\cyberaware\dto\response\DashboardStatsResponse$DashboardStatsResponseBuilder.class
com\cyberaware\security\JwtTokenProvider.class
com\cyberaware\controller\UserController.class
com\cyberaware\dto\response\ApiResponse.class
com\cyberaware\dto\request\FraudReportRequest.class
com\cyberaware\dto\response\UserResponse.class
com\cyberaware\CyberAwareApplication.class
com\cyberaware\dto\response\FraudReportResponse$FraudReportResponseBuilder.class
com\cyberaware\service\AuthService.class
com\cyberaware\dto\request\AdminLoginRequest.class
com\cyberaware\exception\GlobalExceptionHandler.class
com\cyberaware\exception\UnauthorizedException.class
com\cyberaware\service\FileStorageService.class
