C:\Users\Vyshnavi\Downloads\cyber-aware-guide-main\cyber-aware-backend\src\main\java\com\cyberaware\service\ReportService.java
C:\Users\Vyshnavi\Downloads\cyber-aware-guide-main\cyber-aware-backend\src\main\java\com\cyberaware\repository\UserRepository.java
C:\Users\Vyshnavi\Downloads\cyber-aware-guide-main\cyber-aware-backend\src\main\java\com\cyberaware\security\JwtAuthenticationFilter.java
C:\Users\Vyshnavi\Downloads\cyber-aware-guide-main\cyber-aware-backend\src\main\java\com\cyberaware\security\CustomUserDetailsService.java
C:\Users\Vyshnavi\Downloads\cyber-aware-guide-main\cyber-aware-backend\src\main\java\com\cyberaware\service\FileStorageService.java
C:\Users\Vyshnavi\Downloads\cyber-aware-guide-main\cyber-aware-backend\src\main\java\com\cyberaware\repository\FraudReportRepository.java
C:\Users\Vyshnavi\Downloads\cyber-aware-guide-main\cyber-aware-backend\src\main\java\com\cyberaware\CyberAwareApplication.java
C:\Users\Vyshnavi\Downloads\cyber-aware-guide-main\cyber-aware-backend\src\main\java\com\cyberaware\exception\UnauthorizedException.java
C:\Users\Vyshnavi\Downloads\cyber-aware-guide-main\cyber-aware-backend\src\main\java\com\cyberaware\service\AuthService.java
C:\Users\Vyshnavi\Downloads\cyber-aware-guide-main\cyber-aware-backend\src\main\java\com\cyberaware\dto\request\RegisterRequest.java
C:\Users\Vyshnavi\Downloads\cyber-aware-guide-main\cyber-aware-backend\src\main\java\com\cyberaware\dto\request\AdminLoginRequest.java
C:\Users\Vyshnavi\Downloads\cyber-aware-guide-main\cyber-aware-backend\src\main\java\com\cyberaware\controller\AdminController.java
C:\Users\Vyshnavi\Downloads\cyber-aware-guide-main\cyber-aware-backend\src\main\java\com\cyberaware\dto\request\UpdateReportStatusRequest.java
C:\Users\Vyshnavi\Downloads\cyber-aware-guide-main\cyber-aware-backend\src\main\java\com\cyberaware\entity\Admin.java
C:\Users\Vyshnavi\Downloads\cyber-aware-guide-main\cyber-aware-backend\src\main\java\com\cyberaware\dto\response\DashboardStatsResponse.java
C:\Users\Vyshnavi\Downloads\cyber-aware-guide-main\cyber-aware-backend\src\main\java\com\cyberaware\exception\ResourceNotFoundException.java
C:\Users\Vyshnavi\Downloads\cyber-aware-guide-main\cyber-aware-backend\src\main\java\com\cyberaware\service\UserService.java
C:\Users\Vyshnavi\Downloads\cyber-aware-guide-main\cyber-aware-backend\src\main\java\com\cyberaware\controller\AuthController.java
C:\Users\Vyshnavi\Downloads\cyber-aware-guide-main\cyber-aware-backend\src\main\java\com\cyberaware\config\SecurityConfig.java
C:\Users\Vyshnavi\Downloads\cyber-aware-guide-main\cyber-aware-backend\src\main\java\com\cyberaware\dto\response\UserResponse.java
C:\Users\Vyshnavi\Downloads\cyber-aware-guide-main\cyber-aware-backend\src\main\java\com\cyberaware\dto\response\ApiResponse.java
C:\Users\Vyshnavi\Downloads\cyber-aware-guide-main\cyber-aware-backend\src\main\java\com\cyberaware\dto\response\AuthResponse.java
C:\Users\Vyshnavi\Downloads\cyber-aware-guide-main\cyber-aware-backend\src\main\java\com\cyberaware\service\AdminService.java
C:\Users\Vyshnavi\Downloads\cyber-aware-guide-main\cyber-aware-backend\src\main\java\com\cyberaware\dto\request\FraudReportRequest.java
C:\Users\Vyshnavi\Downloads\cyber-aware-guide-main\cyber-aware-backend\src\main\java\com\cyberaware\repository\AdminRepository.java
C:\Users\Vyshnavi\Downloads\cyber-aware-guide-main\cyber-aware-backend\src\main\java\com\cyberaware\controller\UserController.java
C:\Users\Vyshnavi\Downloads\cyber-aware-guide-main\cyber-aware-backend\src\main\java\com\cyberaware\dto\request\LoginRequest.java
C:\Users\Vyshnavi\Downloads\cyber-aware-guide-main\cyber-aware-backend\src\main\java\com\cyberaware\dto\response\FraudReportResponse.java
C:\Users\Vyshnavi\Downloads\cyber-aware-guide-main\cyber-aware-backend\src\main\java\com\cyberaware\security\JwtTokenProvider.java
C:\Users\Vyshnavi\Downloads\cyber-aware-guide-main\cyber-aware-backend\src\main\java\com\cyberaware\exception\EmailAlreadyExistsException.java
C:\Users\Vyshnavi\Downloads\cyber-aware-guide-main\cyber-aware-backend\src\main\java\com\cyberaware\exception\GlobalExceptionHandler.java
C:\Users\Vyshnavi\Downloads\cyber-aware-guide-main\cyber-aware-backend\src\main\java\com\cyberaware\controller\ReportController.java
C:\Users\Vyshnavi\Downloads\cyber-aware-guide-main\cyber-aware-backend\src\main\java\com\cyberaware\entity\FraudReport.java
C:\Users\Vyshnavi\Downloads\cyber-aware-guide-main\cyber-aware-backend\src\main\java\com\cyberaware\entity\User.java
